// Jest Snapshot v1, https://goo.gl/fbAQLP

exports[`createStructuralId genereates a string from elements with various element types 1`] = `"151\\000000:n[0],000001:n[0],000002:n[0],000003:n[0],000004:n[0],a:n[0],000005:n[0],Unknown:n[0]"`;

exports[`createStructuralId makes readable ids when the flag is on 1`] = `"22\\Component0:s[null],Component1:s[39],Component2:s[null],Fallback:s[null],Unknown:s[foobar],Fallback:s[null],a:n[0],Component6:s[null],Unknown:s[null],Unknown:n[0]"`;
